[hello log]	</home/jiandongchen/snowy/tests/test_log/logger_test.cpp:28>	2022-08-02 00:51:33	0	root	hello log
[hello log]	</home/jiandongchen/snowy/tests/test_log/logger_test.cpp:47>	2022-08-02 00:51:33	24761	root	hello log
[有致命错误]	</home/jiandongchen/snowy/tests/test_log/logger_test.cpp:48>	2022-08-02 00:51:33	24761	root	有致命错误
[fmt debug test: 666]	</home/jiandongchen/snowy/tests/test_log/logger_test.cpp:50>	2022-08-02 00:51:33	24761	root	fmt debug test: 666
[fmt error test: 成功]	</home/jiandongchen/snowy/tests/test_log/logger_test.cpp:51>	2022-08-02 00:51:33	24761	root	fmt error test: 成功
[warn log]	</home/jiandongchen/snowy/tests/test_log/logger_test.cpp:52>	2022-08-02 00:51:33	24761	root	warn log
[hello log]	</home/jiandongchen/snowy/tests/test_log/logger_test.cpp:28>	2022-08-02 00:51:51	0	root	hello log
[hello log]	</home/jiandongchen/snowy/tests/test_log/logger_test.cpp:47>	2022-08-02 00:51:51	24792	root	hello log
[有致命错误]	</home/jiandongchen/snowy/tests/test_log/logger_test.cpp:48>	2022-08-02 00:51:51	24792	root	有致命错误
[fmt debug test: 666]	</home/jiandongchen/snowy/tests/test_log/logger_test.cpp:50>	2022-08-02 00:51:51	24792	root	fmt debug test: 666
[fmt error test: 成功]	</home/jiandongchen/snowy/tests/test_log/logger_test.cpp:51>	2022-08-02 00:51:51	24792	root	fmt error test: 成功
[warn log]	</home/jiandongchen/snowy/tests/test_log/logger_test.cpp:52>	2022-08-02 00:51:51	24792	root	warn log
[hello log]	</home/jiandongchen/snowy/tests/test_log/logger_test.cpp:28>	2022-08-02 00:51:55	0	root	hello log
[hello log]	</home/jiandongchen/snowy/tests/test_log/logger_test.cpp:47>	2022-08-02 00:51:55	24801	root	hello log
[有致命错误]	</home/jiandongchen/snowy/tests/test_log/logger_test.cpp:48>	2022-08-02 00:51:55	24801	root	有致命错误
[fmt debug test: 666]	</home/jiandongchen/snowy/tests/test_log/logger_test.cpp:50>	2022-08-02 00:51:55	24801	root	fmt debug test: 666
[fmt error test: 成功]	</home/jiandongchen/snowy/tests/test_log/logger_test.cpp:51>	2022-08-02 00:51:55	24801	root	fmt error test: 成功
[warn log]	</home/jiandongchen/snowy/tests/test_log/logger_test.cpp:52>	2022-08-02 00:51:55	24801	root	warn log
[1;37m[DEBUG]	</home/jiandongchen/snowy/tests/test_log/logger_test.cpp:12>	2022-08-02 02:09:24	844	test	SNOWY_LOG_DEBUG
[1;37m[INFO]	</home/jiandongchen/snowy/tests/test_log/logger_test.cpp:13>	2022-08-02 02:09:24	844	test	SNOWY_LOG_INFO
[1;33m[WARN]	</home/jiandongchen/snowy/tests/test_log/logger_test.cpp:14>	2022-08-02 02:09:24	844	test	SNOWY_LOG_WARN
[1;31m[ERROR]	</home/jiandongchen/snowy/tests/test_log/logger_test.cpp:15>	2022-08-02 02:09:24	844	test	SNOWY_LOG_ERROR
[0;32;31m[FATAL]	</home/jiandongchen/snowy/tests/test_log/logger_test.cpp:16>	2022-08-02 02:09:24	844	test	SNOWY_LOG_FATAL
[0;32;32m[test-DEBUG:]	</home/jiandongchen/snowy/tests/test_log/logger_test.cpp:12>	1422	2022-08-02 02:25:36	SNOWY_LOG_DEBUG
[1;37m[test-INFO:]	</home/jiandongchen/snowy/tests/test_log/logger_test.cpp:13>	1422	2022-08-02 02:25:36	SNOWY_LOG_INFO
[1;33m[test-WARN:]	</home/jiandongchen/snowy/tests/test_log/logger_test.cpp:14>	1422	2022-08-02 02:25:36	SNOWY_LOG_WARN
[1;31m[test-ERROR:]	</home/jiandongchen/snowy/tests/test_log/logger_test.cpp:15>	1422	2022-08-02 02:25:36	SNOWY_LOG_ERROR
[0;32;31m[test-FATAL:]	</home/jiandongchen/snowy/tests/test_log/logger_test.cpp:16>	1422	2022-08-02 02:25:36	SNOWY_LOG_FATAL
[0;32;32m[test-DEBUG:]	</home/jiandongchen/snowy/tests/test_log/logger_test.cpp:12>	1474	2022-08-02 02:25:42	SNOWY_LOG_DEBUG
[1;37m[test-INFO:]	</home/jiandongchen/snowy/tests/test_log/logger_test.cpp:13>	1474	2022-08-02 02:25:42	SNOWY_LOG_INFO
[1;33m[test-WARN:]	</home/jiandongchen/snowy/tests/test_log/logger_test.cpp:14>	1474	2022-08-02 02:25:42	SNOWY_LOG_WARN
[1;31m[test-ERROR:]	</home/jiandongchen/snowy/tests/test_log/logger_test.cpp:15>	1474	2022-08-02 02:25:42	SNOWY_LOG_ERROR
[0;32;31m[test-FATAL:]	</home/jiandongchen/snowy/tests/test_log/logger_test.cpp:16>	1474	2022-08-02 02:25:42	SNOWY_LOG_FATAL
[0;32;32m[test-DEBUG:]	</home/jiandongchen/snowy/tests/test_log/logger_test.cpp:12>	1497	2022-08-02 02:25:51	SNOWY_LOG_DEBUG
[1;37m[test-INFO:]	</home/jiandongchen/snowy/tests/test_log/logger_test.cpp:13>	1497	2022-08-02 02:25:51	SNOWY_LOG_INFO
[1;33m[test-WARN:]	</home/jiandongchen/snowy/tests/test_log/logger_test.cpp:14>	1497	2022-08-02 02:25:51	SNOWY_LOG_WARN
[1;31m[test-ERROR:]	</home/jiandongchen/snowy/tests/test_log/logger_test.cpp:15>	1497	2022-08-02 02:25:51	SNOWY_LOG_ERROR
[0;32;31m[test-FATAL:]	</home/jiandongchen/snowy/tests/test_log/logger_test.cpp:16>	1497	2022-08-02 02:25:51	SNOWY_LOG_FATAL
[0;32;32m[test-DEBUG:]	</home/jiandongchen/snowy/tests/test_log/logger_test.cpp:12>	1528	2022-08-02 02:25:57	SNOWY_LOG_DEBUG
[1;37m[test-INFO:]	</home/jiandongchen/snowy/tests/test_log/logger_test.cpp:13>	1528	2022-08-02 02:25:57	SNOWY_LOG_INFO
[1;33m[test-WARN:]	</home/jiandongchen/snowy/tests/test_log/logger_test.cpp:14>	1528	2022-08-02 02:25:57	SNOWY_LOG_WARN
[1;31m[test-ERROR:]	</home/jiandongchen/snowy/tests/test_log/logger_test.cpp:15>	1528	2022-08-02 02:25:57	SNOWY_LOG_ERROR
[0;32;31m[test-FATAL:]	</home/jiandongchen/snowy/tests/test_log/logger_test.cpp:16>	1528	2022-08-02 02:25:57	SNOWY_LOG_FATAL
[0;32;32m[test-DEBUG:]	</home/jiandongchen/snowy/tests/test_log/logger_test.cpp:12>	3000	2022-08-02 02:35:05	SNOWY_LOG_DEBUG
[1;37m[test-INFO:]	</home/jiandongchen/snowy/tests/test_log/logger_test.cpp:13>	3000	2022-08-02 02:35:05	SNOWY_LOG_INFO
[1;33m[test-WARN:]	</home/jiandongchen/snowy/tests/test_log/logger_test.cpp:14>	3000	2022-08-02 02:35:05	SNOWY_LOG_WARN
[1;31m[test-ERROR:]	</home/jiandongchen/snowy/tests/test_log/logger_test.cpp:15>	3000	2022-08-02 02:35:05	SNOWY_LOG_ERROR
[0;32;31m[test-FATAL:]	</home/jiandongchen/snowy/tests/test_log/logger_test.cpp:16>	3000	2022-08-02 02:35:05	SNOWY_LOG_FATAL
